<html>
<body>
<pre>
<h1>µVision Build Log</h1>
<h2>Tool Versions:</h2>
IDE-Version: ¦ÌVision V5.26.2.0
Copyright (C) 2018 ARM Ltd and ARM Germany GmbH. All rights reserved.
License Information: wriken wriken, wriken, LIC=Z3C74-FH678-INKA7-EWR2Z-HQE6T-YY03M
 
Tool Versions:
Toolchain:       MDK-ARM Professional  Version: 5.26.2.0
Toolchain Path:  D:\keil5MDK\ARM\ARMCC\Bin
C Compiler:      Armcc.exe V5.06 update 6 (build 750)
Assembler:       Armasm.exe V5.06 update 6 (build 750)
Linker/Locator:  ArmLink.exe V5.06 update 6 (build 750)
Library Manager: ArmAr.exe V5.06 update 6 (build 750)
Hex Converter:   FromElf.exe V5.06 update 6 (build 750)
CPU DLL:         SARMCM3.DLL V5.26.2.0
Dialog DLL:      DCM.DLL V1.17.2.0
Target DLL:      STLink\ST-LINKIII-KEIL_SWO.dll V3.0.5.0
Dialog DLL:      TCM.DLL V1.36.1.0
 
<h2>Project:</h2>
E:\Ê¾Àý´úÂë\Systick_project\project_demo.uvprojx
Project File Date:  08/14/2019

<h2>Output:</h2>
*** Using Compiler 'V5.06 update 6 (build 750)', folder: 'D:\keil5MDK\ARM\ARMCC\Bin'
Build target 'project_demo'
compiling main.c...
compiling key_interrupt.c...
compiling time.c...
user\src\time.c(50): warning:  #167-D: argument of type "u32 *" is incompatible with parameter of type "char *__restrict__"
  		sprintf(buff,"%02d:%02d:%02d\r\n",hour,min,sec);
user\src\time.c(52): warning:  #167-D: argument of type "char *" is incompatible with parameter of type "u8 *"
  		 uart_send((char *)buff);
user\src\time.c: 2 warnings, 0 errors
linking...
Program Size: Code=3294 RO-data=442 RW-data=52 ZI-data=2076  
FromELF: creating hex file...
".\Objects\project_demo.axf" - 0 Error(s), 2 Warning(s).

<h2>Software Packages used:</h2>

Package Vendor: Keil
                http://www.keil.com/pack/Keil.STM32F4xx_DFP.2.13.0.pack
                Keil.STM32F4xx_DFP.2.13.0
                STMicroelectronics STM32F4 Series Device Support, Drivers and Examples

<h2>Collection of Component include folders:</h2>
  .\RTE\_project_demo
  D:\keil5MDK\ARM\PACK\Keil\STM32F4xx_DFP\2.13.0\Drivers\CMSIS\Device\ST\STM32F4xx\Include

<h2>Collection of Component Files used:</h2>
Build Time Elapsed:  00:00:01
</pre>
</body>
</html>
